src/screens/SessionRoomScreen.tsx(458,47): error TS2345: Argument of type 'string' is not assignable to parameter of type '"fire" | "vibe" | "skip"'.
